Loading required package: BiocGenerics

Attaching package: ‘BiocGenerics’

The following objects are masked from ‘package:stats’:

    IQR, mad, sd, var, xtabs

The following objects are masked from ‘package:base’:

    anyDuplicated, aperm, append, as.data.frame, basename, cbind,
    colnames, dirname, do.call, duplicated, eval, evalq, Filter, Find,
    get, grep, grepl, intersect, is.unsorted, lapply, Map, mapply,
    match, mget, order, paste, pmax, pmax.int, pmin, pmin.int,
    Position, rank, rbind, Reduce, rownames, sapply, saveRDS, setdiff,
    table, tapply, union, unique, unsplit, which.max, which.min

Loading required package: BiocParallel
Loading required package: Biostrings
Loading required package: S4Vectors
Loading required package: stats4

Attaching package: ‘S4Vectors’

The following object is masked from ‘package:utils’:

    findMatches

The following objects are masked from ‘package:base’:

    expand.grid, I, unname

Loading required package: IRanges
Loading required package: XVector
Loading required package: GenomeInfoDb

Attaching package: ‘Biostrings’

The following object is masked from ‘package:base’:

    strsplit

Loading required package: Rsamtools
Loading required package: GenomicRanges
Loading required package: GenomicAlignments
Loading required package: SummarizedExperiment
Loading required package: MatrixGenerics
Loading required package: matrixStats

Attaching package: ‘MatrixGenerics’

The following objects are masked from ‘package:matrixStats’:

    colAlls, colAnyNAs, colAnys, colAvgsPerRowSet, colCollapse,
    colCounts, colCummaxs, colCummins, colCumprods, colCumsums,
    colDiffs, colIQRDiffs, colIQRs, colLogSumExps, colMadDiffs,
    colMads, colMaxs, colMeans2, colMedians, colMins, colOrderStats,
    colProds, colQuantiles, colRanges, colRanks, colSdDiffs, colSds,
    colSums2, colTabulates, colVarDiffs, colVars, colWeightedMads,
    colWeightedMeans, colWeightedMedians, colWeightedSds,
    colWeightedVars, rowAlls, rowAnyNAs, rowAnys, rowAvgsPerColSet,
    rowCollapse, rowCounts, rowCummaxs, rowCummins, rowCumprods,
    rowCumsums, rowDiffs, rowIQRDiffs, rowIQRs, rowLogSumExps,
    rowMadDiffs, rowMads, rowMaxs, rowMeans2, rowMedians, rowMins,
    rowOrderStats, rowProds, rowQuantiles, rowRanges, rowRanks,
    rowSdDiffs, rowSds, rowSums2, rowTabulates, rowVarDiffs, rowVars,
    rowWeightedMads, rowWeightedMeans, rowWeightedMedians,
    rowWeightedSds, rowWeightedVars

Loading required package: Biobase
Welcome to Bioconductor

    Vignettes contain introductory material; view with
    'browseVignettes()'. To cite Bioconductor, see
    'citation("Biobase")', and for packages 'citation("pkgname")'.


Attaching package: ‘Biobase’

The following object is masked from ‘package:MatrixGenerics’:

    rowMedians

The following objects are masked from ‘package:matrixStats’:

    anyMissing, rowMedians


Attaching package: ‘dplyr’

The following objects are masked from ‘package:GenomicAlignments’:

    first, last

The following object is masked from ‘package:Biobase’:

    combine

The following object is masked from ‘package:matrixStats’:

    count

The following objects are masked from ‘package:GenomicRanges’:

    intersect, setdiff, union

The following objects are masked from ‘package:Biostrings’:

    collapse, intersect, setdiff, setequal, union

The following object is masked from ‘package:GenomeInfoDb’:

    intersect

The following object is masked from ‘package:XVector’:

    slice

The following objects are masked from ‘package:IRanges’:

    collapse, desc, intersect, setdiff, slice, union

The following objects are masked from ‘package:S4Vectors’:

    first, intersect, rename, setdiff, setequal, union

The following objects are masked from ‘package:BiocGenerics’:

    combine, intersect, setdiff, union

The following objects are masked from ‘package:stats’:

    filter, lag

The following objects are masked from ‘package:base’:

    intersect, setdiff, setequal, union


Attaching package: ‘tibble’

The following object is masked from ‘package:ShortRead’:

    view

tibble [64 × 3] (S3: tbl_df/tbl/data.frame)
 $ SampleID      : chr [1:64] "plate1_N701-S505_LCS778T_NEGpcr1" "plate1_N701-S506_108bac1" "plate1_N701-S507_104bac1" "plate1_N701-S508_1bac1" ...
 $ Raw_reads     : int [1:64] 83403 1243289 1113596 505490 26736 172893 424822 1782015 1671104 1426163 ...
 $ Selected_reads: int [1:64] 652 398149 267607 89388 862 7016 2925 612349 417038 336894 ...
'data.frame':	64 obs. of  5 variables:
 $ SampleID          : chr  "plate1_N701-S505_LCS778T_NEGpcr1" "plate1_N701-S506_108bac1" "plate1_N701-S507_104bac1" "plate1_N701-S508_1bac1" ...
 $ deduped           : int  480 160276 124528 34471 810 5222 1794 196136 166673 141321 ...
 $ filteredAndTrimmed: int  24 127519 89488 19356 53 2924 144 168643 131104 107553 ...
 $ denoised          : int  9 92289 61549 5792 35 2306 103 148768 98995 84104 ...
 $ chimera.filtered  : int  9 65991 55670 5686 35 2230 103 106665 88520 78540 ...
'data.frame':	64 obs. of  1689 variables:
 $ SampleID                            : chr  "plate1_N701-S505_LCS778T_NEGpcr1" "plate1_N701-S506_108bac1" "plate1_N701-S507_104bac1" "plate1_N701-S508_1bac1" ...
 $ ASV_6f2aa8c279129fe56d50d74c6f1f319f: int  0 7955 3904 11 0 16 0 14128 2804 98 ...
 $ ASV_a658c36716e0595ef46683f3a907e3ec: int  0 0 2661 143 0 113 0 0 7219 8503 ...
 $ ASV_5ea5f96f39710102ef123b1a53bee5ac: int  0 6441 2233 0 0 0 0 12369 2596 39 ...
 $ ASV_f57159fb4aee92e8ea0236e74d521700: int  0 0 1416 0 0 257 0 0 2846 3301 ...
 $ ASV_f198060e92ab127def752f1b5bcc1693: int  0 6853 2460 0 0 0 0 11768 2367 57 ...
 $ ASV_5818fbc41d9ece1c90f0dbe48181f13d: int  0 0 2380 72 0 0 0 0 5683 6529 ...
 $ ASV_f6ee4300986880f4713bd917feec7df6: int  0 0 2249 96 0 0 0 0 5032 6571 ...
 $ ASV_5160bc8627cd10312e44939c90aa8cf6: int  0 10506 1767 0 0 0 0 12993 1578 81 ...
 $ ASV_8a075f33d66b5abbe098b00439ce0d3c: int  0 0 977 800 0 126 0 0 1464 2260 ...
 $ ASV_7a2f9011e35d47317870bf412b90fb8c: int  0 0 2001 0 0 0 0 0 4230 4592 ...
 $ ASV_a4ae73ba86e410bcdb76430d8f1ef533: int  0 0 981 140 0 89 0 0 2143 2245 ...
 $ ASV_26a4b978e7d2ab945cdb92b8aa27fc1e: int  0 6165 1610 0 0 0 0 9890 1609 0 ...
 $ ASV_32e18aa6aa77f3944dfed9008221d41e: int  0 0 1720 104 14 55 0 0 3698 4259 ...
 $ ASV_c35f780c6ed471913140f60bdc915451: int  0 4718 1609 0 0 0 0 7758 1520 0 ...
 $ ASV_cc8c8854b7c9c33ba5fd7c40b5623b6c: int  0 4056 1335 0 0 0 0 6589 1483 0 ...
 $ ASV_390a6d4b816b4c5f82002525b5812f88: int  0 0 1507 0 0 0 0 0 3467 3623 ...
 $ ASV_8811d2571c218a4192e6c228a4f689a0: int  0 16 889 0 0 0 0 0 1773 1988 ...
 $ ASV_4a05cb3f8cfcdc3eaa99701b0a2eb7f2: int  0 0 1425 56 0 0 0 0 3221 4320 ...
 $ ASV_b623f940fc2ddd00e31166bb129ce25e: int  0 0 812 69 0 79 0 29 1546 1509 ...
 $ ASV_6fec01e15dd58b07a3bce8a4575acb75: int  0 0 698 63 0 98 0 0 1171 1531 ...
 $ ASV_142c8e3f77a8ed58fd10127f903b5509: int  0 4452 1114 0 0 0 0 6369 1008 0 ...
 $ ASV_2d6b0fab7ceb4da56a92f6af98715903: int  0 0 663 0 0 131 0 0 1039 1542 ...
 $ ASV_26735862354597def0e5b6fdb812d4f2: int  0 0 613 80 21 144 0 0 1371 1792 ...
 $ ASV_d6765653304e276fe03ef50e1d8a4508: int  0 0 1132 0 0 0 0 0 2488 3061 ...
 $ ASV_ec0a8778c51cd3e9cbc17735ed8bafe0: int  0 0 653 0 0 62 0 0 1367 1289 ...
 $ ASV_26395a59d213104427bb5e9ddc5829e2: int  0 0 657 0 0 82 0 0 932 1162 ...
 $ ASV_b34e3b5b16aac8f8008aeeaa510858b1: int  0 0 515 70 0 0 0 0 925 1325 ...
 $ ASV_4bca7cabd3d88f342bcaf03b67244ba5: int  0 0 523 121 0 65 0 0 765 874 ...
 $ ASV_682c52f105993d2ca310f72752ac69a4: int  0 0 444 0 0 100 0 0 860 1079 ...
 $ ASV_579a3b5db53d4da5f149d6ed7ac81a0f: int  0 0 412 113 0 0 0 0 633 835 ...
 $ ASV_9ba71534ecd8a49c1d2fa5d5255965fd: int  0 632 571 0 0 0 0 994 532 139 ...
 $ ASV_ac0d04110bbcc54e4e0e55462a037687: int  0 1214 587 0 0 0 0 2201 629 0 ...
 $ ASV_b577a04a962133e9836017b9cce392a9: int  0 0 281 0 0 0 0 0 1159 1300 ...
 $ ASV_e9d4f1fa1d4c379e5da07e09f4d00f93: int  0 0 493 0 0 0 0 0 978 898 ...
 $ ASV_83ecfe1a4f58c85e32452727248ac650: int  0 0 259 0 0 0 0 0 1004 1187 ...
 $ ASV_f9b9a319f000da1c8a8db2b990cfec73: int  0 1374 274 0 0 0 0 2442 502 0 ...
 $ ASV_2a6353f16b471944f8214e1fc7f01182: int  0 1537 272 0 0 0 0 2486 457 0 ...
 $ ASV_a67f0e43ee99fffe161fa0feceb3b05b: int  0 935 465 0 0 0 0 1682 453 53 ...
 $ ASV_0378c7973de799b9c41949b487251d22: int  0 915 489 0 0 0 0 1547 475 0 ...
 $ ASV_dfa0342ac4cd7a8724d8ebcb778dc952: int  0 570 322 0 0 0 0 708 386 88 ...
 $ ASV_a0f48e01df88101be9f0a8acf3ef7511: int  0 1078 0 0 0 0 0 1796 338 0 ...
 $ ASV_299090b7d6839d78c497b645dfd7c606: int  0 944 0 0 0 0 0 1306 329 0 ...
 $ ASV_03f3e646a677e9d7caac41d40e22022d: int  0 1187 327 0 0 0 0 1763 343 0 ...
 $ ASV_b8745cd5e2e331224f325279eabbbdc5: int  0 1429 194 0 0 0 0 2625 194 0 ...
 $ ASV_001d962b96a0b1f09137e1ab3bc3fdc8: int  0 0 210 0 0 0 0 0 869 856 ...
 $ ASV_9dc923cd965d287bf2effe404bacba4a: int  0 440 286 0 0 13 0 651 299 81 ...
 $ ASV_f4b96150378b3bfeb17d3e466f73c4bd: int  0 0 381 0 0 0 0 0 359 445 ...
 $ ASV_deb24be2c8e8fdfb20a3e694fb1ab208: int  0 0 258 0 0 0 0 772 0 0 ...
 $ ASV_c374967ec435a9f2cad3aa7f1a0d8c36: int  0 618 236 0 0 0 0 869 173 0 ...
 $ ASV_d1f6d483188fc27e9be9a1f923304cd0: int  0 517 295 0 0 0 0 882 256 0 ...
 $ ASV_4f9e9b824c66757cdc08b1b304168464: int  0 0 282 0 0 0 0 0 285 405 ...
 $ ASV_4eaa4a055881937fe33faea3995582ee: int  0 546 179 0 0 0 0 787 157 0 ...
 $ ASV_ee927e43f9bf6dd653822658c12cb238: int  0 0 170 0 0 0 0 0 262 344 ...
 $ ASV_4041964247ba3c75fbfada4ad91b6528: int  0 612 283 0 0 0 0 720 169 0 ...
 $ ASV_512c5c82f06f29446ba95469e3e01eaa: int  0 0 259 281 0 0 0 0 0 266 ...
 $ ASV_31d97f62ff4578e7db4eb51b361299a0: int  0 0 0 0 0 0 0 0 282 347 ...
 $ ASV_d951198a30c33c124288e2464aaee8ff: int  0 0 143 0 0 23 0 0 270 289 ...
 $ ASV_422fe8bc4f9a471fea403a83ecb524a5: int  0 0 180 0 0 0 0 0 0 274 ...
 $ ASV_0ed674c6057d6969650b2df40e29be91: int  0 0 0 0 0 0 0 10 267 382 ...
 $ ASV_665d8834a16fc7bd5bac11cd3e7b7c4d: int  0 0 91 215 0 0 0 0 147 0 ...
 $ ASV_bed79580b7f4b98a563fa8b5f7ce3a57: int  0 0 0 0 0 0 0 0 0 485 ...
 $ ASV_72a82072587d56decf4463f8e213b368: int  0 0 0 61 0 0 0 0 141 170 ...
 $ ASV_bfc33ed0c01cb0a0c84c732406902ea8: int  0 0 125 0 0 0 0 0 81 187 ...
 $ ASV_c3a07c5c58a908c4f33a221b53402060: int  0 135 92 0 0 0 0 0 133 0 ...
 $ ASV_9151e0dd13ce4501984ebb5291b82bc6: int  0 0 404 295 0 0 0 0 430 0 ...
 $ ASV_0b1b01ddf712b8a383bf61b76e99f2e4: int  0 0 232 0 0 0 0 0 0 191 ...
 $ ASV_be6ae398bf2d519cff0f090daa926ec9: int  0 0 150 0 0 0 0 0 98 0 ...
 $ ASV_c3dd3025fbc05f1d0e378d0008fb4ac3: int  0 0 184 0 0 0 0 0 214 140 ...
 $ ASV_030556633c71831a58260710ed43b9e8: int  0 0 39 0 0 0 0 138 79 0 ...
 $ ASV_008dd5c4d8022f767b0f260a1a342272: int  0 0 0 0 0 299 0 0 0 0 ...
 $ ASV_652e2ca7f75eff35d51da6cdc16e5d29: int  0 0 0 0 0 0 0 0 96 0 ...
 $ ASV_474b5d057212395687800993c48c7f8f: int  0 0 0 0 0 0 0 0 0 0 ...
 $ ASV_e72a5c4eed081ad8d2af168ca6573c4f: int  0 0 0 0 0 0 0 0 184 85 ...
 $ ASV_ad519f60bd99c2a9e1994895e5a235ed: int  0 0 0 0 0 0 0 0 0 125 ...
 $ ASV_dc97fc66340d5b32eff1f8cd1117297a: int  0 0 51 0 0 0 0 0 0 0 ...
 $ ASV_55bcd788dedaa1930f5e35991d0bfc30: int  0 0 0 0 0 0 0 0 95 106 ...
 $ ASV_d8ec1a8127bfc05604246196849b39aa: int  0 0 0 0 0 0 0 0 0 0 ...
 $ ASV_dcbff056a3f7c8b06720cc1fb95c15f6: int  0 0 104 0 0 0 0 0 157 285 ...
 $ ASV_15e3cec69a0bdc27806a3cb7a25d72d5: int  0 0 0 0 0 0 0 0 0 113 ...
 $ ASV_96a8810d15155e287c437d4ccb2a7fdf: int  0 0 0 0 0 0 0 0 0 71 ...
 $ ASV_20e5179b31349463a24ae9dd7e5524b9: int  0 0 0 0 0 0 0 0 110 0 ...
 $ ASV_a4399a0254dd4c7037a086949f4b4948: int  0 0 0 0 0 0 0 0 0 0 ...
 $ ASV_bff80b93ee500b36cb0d4a3432276586: int  0 0 195 0 0 0 0 0 37 215 ...
 $ ASV_05205ba0898cbe802f7671b8e6c318cb: int  0 0 0 81 0 0 0 0 46 152 ...
 $ ASV_af4ee2aa6c1b21b4fe67429f38ff8203: int  0 0 0 0 0 0 0 0 159 0 ...
 $ ASV_0d006e92592f5ca90caf7a709f1f4b3d: int  0 0 0 0 0 0 0 0 60 76 ...
 $ ASV_029f831bbf40aef3476b3ce6035b2299: int  0 0 0 0 0 0 0 0 0 0 ...
 $ ASV_ad174470d43c9ea47a845f5d5b028e74: int  0 0 75 87 0 0 0 0 71 60 ...
 $ ASV_1073720214241d1472f2ebbd2297c5e9: int  0 0 0 0 0 0 0 0 0 0 ...
 $ ASV_a9b0be011cb0a3a5905572444ea28600: int  0 0 0 68 0 0 0 0 0 115 ...
 $ ASV_01e317f8118425e21f7059e7c3db0350: int  0 0 0 0 0 181 0 0 0 0 ...
 $ ASV_a30010173e8667b8996f56c5aa4b75d9: int  0 0 0 0 0 0 0 0 0 88 ...
 $ ASV_18e4d62e26febc0fdbf2b1c88aebd1c5: int  0 0 0 0 0 0 0 0 180 0 ...
 $ ASV_b873da9ae6e0d9a68785b21395c4f7b4: int  0 0 136 0 0 0 0 0 0 0 ...
 $ ASV_1172b6219c995bbb38c99e6531d2ac73: int  0 0 185 0 0 0 0 0 0 0 ...
 $ ASV_909eb644cd2764fb98443b1937caee78: int  0 0 0 0 0 0 0 0 0 0 ...
 $ ASV_07c7b6eb54fd5803580ecce82ac3a27c: int  0 0 0 37 0 0 0 0 0 0 ...
 $ ASV_d9d2aef2a9650a9b6e67d30aab5f0db2: int  0 0 0 0 0 0 0 0 0 0 ...
  [list output truncated]
tibble [64 × 2] (S3: tbl_df/tbl/data.frame)
 $ SampleID             : chr [1:64] "plate1_N701-S505_LCS778T_NEGpcr1" "plate1_N701-S506_108bac1" "plate1_N701-S507_104bac1" "plate1_N701-S508_1bac1" ...
 $ BacterialMapped_reads: num [1:64] 0 65912 21448 11 0 ...
